[INFO] Scanning for projects...
[INFO] 
[INFO] ---------------------< com.emsi.MH:MangmentHotel >----------------------
[INFO] Building MangmentHotel 1.0-SNAPSHOT
[INFO] --------------------------------[ jar ]---------------------------------
[INFO] 
[INFO] --- maven-resources-plugin:2.6:resources (default-resources) @ MangmentHotel ---
[INFO] Using 'UTF-8' encoding to copy filtered resources.
[INFO] Copying 10 resources
[INFO] 
[INFO] --- maven-compiler-plugin:3.13.0:compile (default-compile) @ MangmentHotel ---
[INFO] Nothing to compile - all classes are up to date.
[INFO] 
[INFO] --- maven-resources-plugin:2.6:testResources (default-testResources) @ MangmentHotel ---
[INFO] Using 'UTF-8' encoding to copy filtered resources.
[INFO] skip non existing resourceDirectory C:\Users\SURFACE BOOK\IdeaProjects\TP_JDBC_Avance\MangmentHotel\src\test\resources
[INFO] 
[INFO] --- maven-compiler-plugin:3.13.0:testCompile (default-testCompile) @ MangmentHotel ---
[INFO] Recompiling the module because of added or removed source files.
[INFO] Compiling 1 source file with javac [debug target 23 module-path] to target\test-classes
[INFO] 
[INFO] --- maven-surefire-plugin:2.12.4:test (default-test) @ MangmentHotel ---
Downloading from central: https://repo.maven.apache.org/maven2/org/apache/maven/surefire/surefire-booter/2.12.4/surefire-booter-2.12.4.jar
Downloading from central: https://repo.maven.apache.org/maven2/org/apache/maven/surefire/maven-surefire-common/2.12.4/maven-surefire-common-2.12.4.jar
Downloading from central: https://repo.maven.apache.org/maven2/org/apache/commons/commons-lang3/3.1/commons-lang3-3.1.jar
Downloading from central: https://repo.maven.apache.org/maven2/org/apache/maven/maven-plugin-api/2.0.9/maven-plugin-api-2.0.9.jar
Downloading from central: https://repo.maven.apache.org/maven2/org/apache/maven/surefire/surefire-api/2.12.4/surefire-api-2.12.4.jar
Progress (1): 2.3/263 kB
Progress (2): 2.3/263 kB | 2.3/35 kB
Progress (3): 2.3/263 kB | 2.3/35 kB | 2.3/118 kB
Progress (3): 5.0/263 kB | 2.3/35 kB | 2.3/118 kB
Progress (3): 5.0/263 kB | 2.3/35 kB | 5.0/118 kB
Progress (3): 5.0/263 kB | 5.0/35 kB | 5.0/118 kB
Progress (3): 7.7/263 kB | 5.0/35 kB | 5.0/118 kB
Progress (3): 7.7/263 kB | 5.0/35 kB | 7.7/118 kB
Progress (3): 7.7/263 kB | 7.7/35 kB | 7.7/118 kB
Progress (3): 10/263 kB | 7.7/35 kB | 7.7/118 kB 
Progress (3): 10/263 kB | 10/35 kB | 7.7/118 kB 
Progress (3): 13/263 kB | 10/35 kB | 7.7/118 kB
Progress (3): 13/263 kB | 13/35 kB | 7.7/118 kB
Progress (3): 16/263 kB | 13/35 kB | 7.7/118 kB
Progress (3): 16/263 kB | 16/35 kB | 7.7/118 kB
Progress (3): 19/263 kB | 16/35 kB | 7.7/118 kB
Progress (3): 19/263 kB | 19/35 kB | 7.7/118 kB
Progress (3): 21/263 kB | 19/35 kB | 7.7/118 kB
Progress (3): 21/263 kB | 21/35 kB | 7.7/118 kB
Progress (4): 21/263 kB | 21/35 kB | 7.7/118 kB | 2.3/13 kB
Progress (4): 21/263 kB | 24/35 kB | 7.7/118 kB | 2.3/13 kB
Progress (4): 21/263 kB | 24/35 kB | 7.7/118 kB | 5.0/13 kB
Progress (4): 21/263 kB | 24/35 kB | 7.7/118 kB | 7.7/13 kB
Progress (4): 21/263 kB | 24/35 kB | 7.7/118 kB | 10/13 kB 
Progress (4): 21/263 kB | 24/35 kB | 7.7/118 kB | 13 kB   
Progress (4): 24/263 kB | 24/35 kB | 7.7/118 kB | 13 kB
Progress (4): 27/263 kB | 24/35 kB | 7.7/118 kB | 13 kB
Progress (4): 30/263 kB | 24/35 kB | 7.7/118 kB | 13 kB
Progress (4): 30/263 kB | 24/35 kB | 10/118 kB | 13 kB 
Progress (4): 30/263 kB | 24/35 kB | 13/118 kB | 13 kB
Progress (4): 30/263 kB | 24/35 kB | 16/118 kB | 13 kB
Progress (4): 30/263 kB | 24/35 kB | 19/118 kB | 13 kB
Progress (4): 30/263 kB | 24/35 kB | 21/118 kB | 13 kB
Progress (4): 30/263 kB | 24/35 kB | 24/118 kB | 13 kB
Progress (4): 30/263 kB | 24/35 kB | 27/118 kB | 13 kB
Progress (4): 30/263 kB | 24/35 kB | 30/118 kB | 13 kB
Progress (4): 30/263 kB | 24/35 kB | 32/118 kB | 13 kB
Progress (4): 32/263 kB | 24/35 kB | 32/118 kB | 13 kB
Progress (4): 35/263 kB | 24/35 kB | 32/118 kB | 13 kB
Progress (4): 38/263 kB | 24/35 kB | 32/118 kB | 13 kB
Progress (4): 41/263 kB | 24/35 kB | 32/118 kB | 13 kB
Progress (4): 43/263 kB | 24/35 kB | 32/118 kB | 13 kB
Progress (4): 46/263 kB | 24/35 kB | 32/118 kB | 13 kB
Progress (4): 49/263 kB | 24/35 kB | 32/118 kB | 13 kB
Progress (4): 52/263 kB | 24/35 kB | 32/118 kB | 13 kB
Progress (4): 54/263 kB | 24/35 kB | 32/118 kB | 13 kB
Progress (4): 58/263 kB | 24/35 kB | 32/118 kB | 13 kB
Progress (4): 62/263 kB | 24/35 kB | 32/118 kB | 13 kB
Progress (4): 67/263 kB | 24/35 kB | 32/118 kB | 13 kB
Progress (4): 67/263 kB | 24/35 kB | 35/118 kB | 13 kB
Progress (4): 71/263 kB | 24/35 kB | 35/118 kB | 13 kB
Progress (4): 71/263 kB | 24/35 kB | 38/118 kB | 13 kB
Progress (4): 75/263 kB | 24/35 kB | 38/118 kB | 13 kB
Progress (4): 75/263 kB | 24/35 kB | 41/118 kB | 13 kB
Progress (4): 79/263 kB | 24/35 kB | 41/118 kB | 13 kB
Progress (4): 81/263 kB | 24/35 kB | 41/118 kB | 13 kB
Progress (4): 81/263 kB | 24/35 kB | 43/118 kB | 13 kB
Progress (4): 85/263 kB | 24/35 kB | 43/118 kB | 13 kB
Progress (4): 85/263 kB | 24/35 kB | 46/118 kB | 13 kB
Progress (4): 89/263 kB | 24/35 kB | 46/118 kB | 13 kB
Progress (4): 89/263 kB | 24/35 kB | 49/118 kB | 13 kB
Progress (4): 93/263 kB | 24/35 kB | 49/118 kB | 13 kB
Progress (4): 93/263 kB | 24/35 kB | 52/118 kB | 13 kB
Progress (4): 93/263 kB | 24/35 kB | 54/118 kB | 13 kB
Progress (4): 93/263 kB | 24/35 kB | 58/118 kB | 13 kB
Progress (4): 97/263 kB | 24/35 kB | 58/118 kB | 13 kB
Progress (4): 97/263 kB | 24/35 kB | 62/118 kB | 13 kB
                                                      
Downloaded from central: https://repo.maven.apache.org/maven2/org/apache/maven/maven-plugin-api/2.0.9/maven-plugin-api-2.0.9.jar (13 kB at 10 kB/s)
Downloading from central: https://repo.maven.apache.org/maven2/org/apache/maven/shared/maven-common-artifact-filters/1.3/maven-common-artifact-filters-1.3.jar
Progress (3): 97/263 kB | 24/35 kB | 67/118 kB
Progress (3): 97/263 kB | 24/35 kB | 71/118 kB
Progress (3): 102/263 kB | 24/35 kB | 71/118 kB
Progress (3): 102/263 kB | 24/35 kB | 75/118 kB
Progress (3): 102/263 kB | 24/35 kB | 79/118 kB
Progress (3): 102/263 kB | 24/35 kB | 81/118 kB
Progress (3): 102/263 kB | 24/35 kB | 85/118 kB
Progress (3): 102/263 kB | 24/35 kB | 89/118 kB
Progress (3): 102/263 kB | 24/35 kB | 93/118 kB
Progress (3): 106/263 kB | 24/35 kB | 93/118 kB
Progress (3): 110/263 kB | 24/35 kB | 93/118 kB
Progress (3): 114/263 kB | 24/35 kB | 93/118 kB
Progress (3): 118/263 kB | 24/35 kB | 93/118 kB
Progress (3): 122/263 kB | 24/35 kB | 93/118 kB
Progress (3): 126/263 kB | 24/35 kB | 93/118 kB
Progress (3): 130/263 kB | 24/35 kB | 93/118 kB
Progress (3): 130/263 kB | 27/35 kB | 93/118 kB
Progress (3): 130/263 kB | 30/35 kB | 93/118 kB
Progress (4): 130/263 kB | 30/35 kB | 93/118 kB | 2.3/31 kB
Progress (4): 130/263 kB | 30/35 kB | 93/118 kB | 5.0/31 kB
Progress (4): 130/263 kB | 30/35 kB | 93/118 kB | 7.7/31 kB
Progress (4): 130/263 kB | 30/35 kB | 93/118 kB | 11/31 kB 
Progress (4): 130/263 kB | 30/35 kB | 93/118 kB | 14/31 kB
Progress (4): 134/263 kB | 30/35 kB | 93/118 kB | 14/31 kB
Progress (4): 134/263 kB | 30/35 kB | 93/118 kB | 16/31 kB
Progress (4): 138/263 kB | 30/35 kB | 93/118 kB | 16/31 kB
Progress (4): 138/263 kB | 30/35 kB | 93/118 kB | 19/31 kB
Progress (4): 138/263 kB | 30/35 kB | 93/118 kB | 22/31 kB
Progress (4): 138/263 kB | 30/35 kB | 93/118 kB | 25/31 kB
Progress (4): 138/263 kB | 30/35 kB | 93/118 kB | 27/31 kB
Progress (4): 138/263 kB | 30/35 kB | 93/118 kB | 30/31 kB
Progress (4): 138/263 kB | 30/35 kB | 93/118 kB | 31 kB   
Progress (5): 138/263 kB | 30/35 kB | 93/118 kB | 31 kB | 2.3/316 kB
Progress (5): 138/263 kB | 30/35 kB | 97/118 kB | 31 kB | 2.3/316 kB
Progress (5): 138/263 kB | 30/35 kB | 102/118 kB | 31 kB | 2.3/316 kB
Progress (5): 138/263 kB | 30/35 kB | 106/118 kB | 31 kB | 2.3/316 kB
Progress (5): 138/263 kB | 30/35 kB | 110/118 kB | 31 kB | 2.3/316 kB
Progress (5): 138/263 kB | 30/35 kB | 114/118 kB | 31 kB | 2.3/316 kB
Progress (5): 138/263 kB | 30/35 kB | 118 kB | 31 kB | 2.3/316 kB    
Progress (5): 138/263 kB | 32/35 kB | 118 kB | 31 kB | 2.3/316 kB
Progress (5): 142/263 kB | 32/35 kB | 118 kB | 31 kB | 2.3/316 kB
Progress (5): 142/263 kB | 35 kB | 118 kB | 31 kB | 2.3/316 kB   
Progress (5): 147/263 kB | 35 kB | 118 kB | 31 kB | 2.3/316 kB
Progress (5): 149/263 kB | 35 kB | 118 kB | 31 kB | 2.3/316 kB
Progress (5): 153/263 kB | 35 kB | 118 kB | 31 kB | 2.3/316 kB
Progress (5): 157/263 kB | 35 kB | 118 kB | 31 kB | 2.3/316 kB
Progress (5): 161/263 kB | 35 kB | 118 kB | 31 kB | 2.3/316 kB
Progress (5): 165/263 kB | 35 kB | 118 kB | 31 kB | 2.3/316 kB
Progress (5): 169/263 kB | 35 kB | 118 kB | 31 kB | 2.3/316 kB
Progress (5): 173/263 kB | 35 kB | 118 kB | 31 kB | 2.3/316 kB
Progress (5): 177/263 kB | 35 kB | 118 kB | 31 kB | 2.3/316 kB
Progress (5): 181/263 kB | 35 kB | 118 kB | 31 kB | 2.3/316 kB
Progress (5): 186/263 kB | 35 kB | 118 kB | 31 kB | 2.3/316 kB
Progress (5): 190/263 kB | 35 kB | 118 kB | 31 kB | 2.3/316 kB
Progress (5): 194/263 kB | 35 kB | 118 kB | 31 kB | 2.3/316 kB
Progress (5): 198/263 kB | 35 kB | 118 kB | 31 kB | 2.3/316 kB
Progress (5): 198/263 kB | 35 kB | 118 kB | 31 kB | 5.0/316 kB
Progress (5): 198/263 kB | 35 kB | 118 kB | 31 kB | 7.7/316 kB
Progress (5): 198/263 kB | 35 kB | 118 kB | 31 kB | 11/316 kB 
Progress (5): 198/263 kB | 35 kB | 118 kB | 31 kB | 14/316 kB
Progress (5): 202/263 kB | 35 kB | 118 kB | 31 kB | 14/316 kB
                                                             
Downloaded from central: https://repo.maven.apache.org/maven2/org/apache/maven/shared/maven-common-artifact-filters/1.3/maven-common-artifact-filters-1.3.jar (31 kB at 17 kB/s)
Downloading from central: https://repo.maven.apache.org/maven2/org/codehaus/plexus/plexus-utils/3.0.8/plexus-utils-3.0.8.jar
Progress (4): 206/263 kB | 35 kB | 118 kB | 14/316 kB
Progress (4): 210/263 kB | 35 kB | 118 kB | 14/316 kB
Progress (4): 214/263 kB | 35 kB | 118 kB | 14/316 kB
Progress (4): 216/263 kB | 35 kB | 118 kB | 14/316 kB
Progress (4): 220/263 kB | 35 kB | 118 kB | 14/316 kB
                                                     
Downloaded from central: https://repo.maven.apache.org/maven2/org/apache/maven/surefire/surefire-api/2.12.4/surefire-api-2.12.4.jar (118 kB at 51 kB/s)
Downloading from central: https://repo.maven.apache.org/maven2/org/apache/maven/maven-artifact/2.0.9/maven-artifact-2.0.9.jar
Progress (3): 225/263 kB | 35 kB | 14/316 kB
Progress (3): 229/263 kB | 35 kB | 14/316 kB
Progress (3): 233/263 kB | 35 kB | 14/316 kB
Progress (3): 237/263 kB | 35 kB | 14/316 kB
Progress (3): 241/263 kB | 35 kB | 14/316 kB
                                            
Downloaded from central: https://repo.maven.apache.org/maven2/org/apache/maven/surefire/surefire-booter/2.12.4/surefire-booter-2.12.4.jar (35 kB at 15 kB/s)
Downloading from central: https://repo.maven.apache.org/maven2/org/apache/maven/maven-project/2.0.9/maven-project-2.0.9.jar
Progress (2): 245/263 kB | 14/316 kB
Progress (2): 249/263 kB | 14/316 kB
Progress (2): 253/263 kB | 14/316 kB
Progress (2): 257/263 kB | 14/316 kB
Progress (2): 261/263 kB | 14/316 kB
Progress (2): 263 kB | 14/316 kB    
Progress (2): 263 kB | 16/316 kB
Progress (2): 263 kB | 19/316 kB
Progress (2): 263 kB | 22/316 kB
Progress (2): 263 kB | 25/316 kB
Progress (2): 263 kB | 27/316 kB
Progress (2): 263 kB | 30/316 kB
Progress (2): 263 kB | 33/316 kB
Progress (2): 263 kB | 36/316 kB
Progress (2): 263 kB | 38/316 kB
Progress (3): 263 kB | 38/316 kB | 2.3/232 kB
Progress (3): 263 kB | 38/316 kB | 6.4/232 kB
Progress (3): 263 kB | 38/316 kB | 10/232 kB 
Progress (3): 263 kB | 38/316 kB | 15/232 kB
Progress (3): 263 kB | 38/316 kB | 19/232 kB
Progress (3): 263 kB | 38/316 kB | 23/232 kB
Progress (3): 263 kB | 38/316 kB | 27/232 kB
Progress (3): 263 kB | 38/316 kB | 31/232 kB
Progress (3): 263 kB | 38/316 kB | 35/232 kB
Progress (3): 263 kB | 38/316 kB | 39/232 kB
Progress (3): 263 kB | 38/316 kB | 43/232 kB
Progress (3): 263 kB | 38/316 kB | 47/232 kB
Progress (3): 263 kB | 38/316 kB | 51/232 kB
Progress (3): 263 kB | 38/316 kB | 56/232 kB
Progress (3): 263 kB | 38/316 kB | 60/232 kB
Progress (4): 263 kB | 38/316 kB | 60/232 kB | 3.8/89 kB
Progress (4): 263 kB | 38/316 kB | 60/232 kB | 7.9/89 kB
Progress (5): 263 kB | 38/316 kB | 60/232 kB | 7.9/89 kB | 2.3/122 kB
Progress (5): 263 kB | 38/316 kB | 60/232 kB | 7.9/89 kB | 5.0/122 kB
Progress (5): 263 kB | 38/316 kB | 60/232 kB | 7.9/89 kB | 7.7/122 kB
Progress (5): 263 kB | 38/316 kB | 60/232 kB | 7.9/89 kB | 10/122 kB 
Progress (5): 263 kB | 38/316 kB | 60/232 kB | 7.9/89 kB | 13/122 kB
Progress (5): 263 kB | 38/316 kB | 60/232 kB | 7.9/89 kB | 16/122 kB
Progress (5): 263 kB | 38/316 kB | 60/232 kB | 7.9/89 kB | 19/122 kB
Progress (5): 263 kB | 38/316 kB | 60/232 kB | 7.9/89 kB | 23/122 kB
                                                                    
Downloaded from central: https://repo.maven.apache.org/maven2/org/apache/maven/surefire/maven-surefire-common/2.12.4/maven-surefire-common-2.12.4.jar (263 kB at 74 kB/s)
Downloading from central: https://repo.maven.apache.org/maven2/org/apache/maven/maven-settings/2.0.9/maven-settings-2.0.9.jar
Progress (4): 41/316 kB | 60/232 kB | 7.9/89 kB | 23/122 kB
Progress (4): 44/316 kB | 60/232 kB | 7.9/89 kB | 23/122 kB
Progress (4): 46/316 kB | 60/232 kB | 7.9/89 kB | 23/122 kB
Progress (4): 49/316 kB | 60/232 kB | 7.9/89 kB | 23/122 kB
Progress (4): 52/316 kB | 60/232 kB | 7.9/89 kB | 23/122 kB
Progress (4): 55/316 kB | 60/232 kB | 7.9/89 kB | 23/122 kB
Progress (4): 55/316 kB | 64/232 kB | 7.9/89 kB | 23/122 kB
Progress (4): 55/316 kB | 68/232 kB | 7.9/89 kB | 23/122 kB
Progress (4): 55/316 kB | 70/232 kB | 7.9/89 kB | 23/122 kB
Progress (4): 55/316 kB | 74/232 kB | 7.9/89 kB | 23/122 kB
Progress (4): 55/316 kB | 78/232 kB | 7.9/89 kB | 23/122 kB
Progress (4): 55/316 kB | 82/232 kB | 7.9/89 kB | 23/122 kB
Progress (4): 55/316 kB | 86/232 kB | 7.9/89 kB | 23/122 kB
Progress (4): 59/316 kB | 86/232 kB | 7.9/89 kB | 23/122 kB
Progress (4): 59/316 kB | 86/232 kB | 12/89 kB | 23/122 kB 
Progress (4): 59/316 kB | 86/232 kB | 12/89 kB | 27/122 kB
Progress (4): 63/316 kB | 86/232 kB | 12/89 kB | 27/122 kB
Progress (4): 63/316 kB | 86/232 kB | 16/89 kB | 27/122 kB
Progress (4): 63/316 kB | 86/232 kB | 20/89 kB | 27/122 kB
Progress (4): 63/316 kB | 86/232 kB | 24/89 kB | 27/122 kB
Progress (4): 63/316 kB | 86/232 kB | 28/89 kB | 27/122 kB
Progress (4): 63/316 kB | 86/232 kB | 32/89 kB | 27/122 kB
Progress (4): 63/316 kB | 86/232 kB | 37/89 kB | 27/122 kB
Progress (4): 63/316 kB | 86/232 kB | 41/89 kB | 27/122 kB
Progress (4): 63/316 kB | 86/232 kB | 45/89 kB | 27/122 kB
Progress (4): 63/316 kB | 86/232 kB | 49/89 kB | 27/122 kB
Progress (4): 63/316 kB | 86/232 kB | 53/89 kB | 27/122 kB
Progress (4): 63/316 kB | 86/232 kB | 57/89 kB | 27/122 kB
Progress (4): 63/316 kB | 86/232 kB | 61/89 kB | 27/122 kB
Progress (4): 63/316 kB | 86/232 kB | 65/89 kB | 27/122 kB
Progress (4): 63/316 kB | 86/232 kB | 69/89 kB | 27/122 kB
Progress (5): 63/316 kB | 86/232 kB | 69/89 kB | 27/122 kB | 4.1/49 kB
Progress (5): 63/316 kB | 86/232 kB | 69/89 kB | 27/122 kB | 7.7/49 kB
Progress (5): 63/316 kB | 86/232 kB | 73/89 kB | 27/122 kB | 7.7/49 kB
Progress (5): 63/316 kB | 86/232 kB | 73/89 kB | 27/122 kB | 12/49 kB 
Progress (5): 63/316 kB | 86/232 kB | 73/89 kB | 27/122 kB | 16/49 kB
Progress (5): 63/316 kB | 86/232 kB | 73/89 kB | 27/122 kB | 20/49 kB
Progress (5): 63/316 kB | 86/232 kB | 73/89 kB | 27/122 kB | 24/49 kB
Progress (5): 63/316 kB | 86/232 kB | 73/89 kB | 27/122 kB | 28/49 kB
Progress (5): 63/316 kB | 86/232 kB | 73/89 kB | 27/122 kB | 32/49 kB
Progress (5): 63/316 kB | 86/232 kB | 73/89 kB | 27/122 kB | 36/49 kB
Progress (5): 63/316 kB | 86/232 kB | 73/89 kB | 27/122 kB | 40/49 kB
Progress (5): 63/316 kB | 86/232 kB | 73/89 kB | 27/122 kB | 45/49 kB
Progress (5): 63/316 kB | 86/232 kB | 73/89 kB | 27/122 kB | 49/49 kB
Progress (5): 63/316 kB | 86/232 kB | 73/89 kB | 27/122 kB | 49 kB   
Progress (5): 66/316 kB | 86/232 kB | 73/89 kB | 27/122 kB | 49 kB
Progress (5): 66/316 kB | 86/232 kB | 73/89 kB | 31/122 kB | 49 kB
Progress (5): 66/316 kB | 86/232 kB | 73/89 kB | 35/122 kB | 49 kB
Progress (5): 66/316 kB | 86/232 kB | 73/89 kB | 39/122 kB | 49 kB
Progress (5): 66/316 kB | 86/232 kB | 73/89 kB | 43/122 kB | 49 kB
Progress (5): 66/316 kB | 86/232 kB | 73/89 kB | 47/122 kB | 49 kB
Progress (5): 66/316 kB | 86/232 kB | 73/89 kB | 51/122 kB | 49 kB
Progress (5): 66/316 kB | 86/232 kB | 73/89 kB | 56/122 kB | 49 kB
Progress (5): 66/316 kB | 86/232 kB | 77/89 kB | 56/122 kB | 49 kB
Progress (5): 66/316 kB | 86/232 kB | 82/89 kB | 56/122 kB | 49 kB
Progress (5): 70/316 kB | 86/232 kB | 82/89 kB | 56/122 kB | 49 kB
Progress (5): 70/316 kB | 86/232 kB | 86/89 kB | 56/122 kB | 49 kB
Progress (5): 70/316 kB | 86/232 kB | 89 kB | 56/122 kB | 49 kB   
Progress (5): 74/316 kB | 86/232 kB | 89 kB | 56/122 kB | 49 kB
Progress (5): 78/316 kB | 86/232 kB | 89 kB | 56/122 kB | 49 kB
Progress (5): 82/316 kB | 86/232 kB | 89 kB | 56/122 kB | 49 kB
Progress (5): 86/316 kB | 86/232 kB | 89 kB | 56/122 kB | 49 kB
Progress (5): 86/316 kB | 86/232 kB | 89 kB | 60/122 kB | 49 kB
Progress (5): 86/316 kB | 86/232 kB | 89 kB | 64/122 kB | 49 kB
Progress (5): 86/316 kB | 86/232 kB | 89 kB | 68/122 kB | 49 kB
                                                               
Downloaded from central: https://repo.maven.apache.org/maven2/org/apache/maven/maven-settings/2.0.9/maven-settings-2.0.9.jar (49 kB at 10 kB/s)
Downloading from central: https://repo.maven.apache.org/maven2/org/apache/maven/maven-profile/2.0.9/maven-profile-2.0.9.jar
Progress (4): 86/316 kB | 86/232 kB | 89 kB | 72/122 kB
Progress (4): 90/316 kB | 86/232 kB | 89 kB | 72/122 kB
Progress (4): 90/316 kB | 86/232 kB | 89 kB | 76/122 kB
Progress (4): 90/316 kB | 86/232 kB | 89 kB | 80/122 kB
Progress (4): 90/316 kB | 86/232 kB | 89 kB | 84/122 kB
Progress (4): 90/316 kB | 86/232 kB | 89 kB | 86/122 kB
Progress (4): 90/316 kB | 86/232 kB | 89 kB | 90/122 kB
Progress (4): 90/316 kB | 86/232 kB | 89 kB | 95/122 kB
Progress (4): 90/316 kB | 86/232 kB | 89 kB | 99/122 kB
Progress (4): 90/316 kB | 86/232 kB | 89 kB | 103/122 kB
Progress (4): 90/316 kB | 86/232 kB | 89 kB | 107/122 kB
Progress (4): 90/316 kB | 86/232 kB | 89 kB | 111/122 kB
Progress (4): 90/316 kB | 86/232 kB | 89 kB | 115/122 kB
Progress (4): 90/316 kB | 86/232 kB | 89 kB | 119/122 kB
Progress (4): 90/316 kB | 86/232 kB | 89 kB | 122 kB    
Progress (4): 90/316 kB | 90/232 kB | 89 kB | 122 kB
Progress (4): 90/316 kB | 95/232 kB | 89 kB | 122 kB
Progress (4): 90/316 kB | 99/232 kB | 89 kB | 122 kB
Progress (4): 90/316 kB | 103/232 kB | 89 kB | 122 kB
Progress (4): 90/316 kB | 107/232 kB | 89 kB | 122 kB
Progress (4): 90/316 kB | 111/232 kB | 89 kB | 122 kB
Progress (4): 90/316 kB | 115/232 kB | 89 kB | 122 kB
Progress (4): 90/316 kB | 119/232 kB | 89 kB | 122 kB
Progress (4): 90/316 kB | 123/232 kB | 89 kB | 122 kB
Progress (4): 90/316 kB | 127/232 kB | 89 kB | 122 kB
Progress (4): 90/316 kB | 131/232 kB | 89 kB | 122 kB
Progress (4): 90/316 kB | 135/232 kB | 89 kB | 122 kB
Progress (4): 90/316 kB | 138/232 kB | 89 kB | 122 kB
Progress (4): 90/316 kB | 142/232 kB | 89 kB | 122 kB
Progress (4): 94/316 kB | 142/232 kB | 89 kB | 122 kB
                                                     
Downloaded from central: https://repo.maven.apache.org/maven2/org/apache/maven/maven-artifact/2.0.9/maven-artifact-2.0.9.jar (89 kB at 11 kB/s)
Downloading from central: https://repo.maven.apache.org/maven2/org/apache/maven/maven-model/2.0.9/maven-model-2.0.9.jar
Progress (3): 98/316 kB | 142/232 kB | 122 kB
Progress (3): 102/316 kB | 142/232 kB | 122 kB
Progress (3): 106/316 kB | 142/232 kB | 122 kB
Progress (3): 111/316 kB | 142/232 kB | 122 kB
Progress (3): 115/316 kB | 142/232 kB | 122 kB
Progress (3): 115/316 kB | 146/232 kB | 122 kB
Progress (3): 115/316 kB | 150/232 kB | 122 kB
Progress (3): 115/316 kB | 154/232 kB | 122 kB
Progress (3): 115/316 kB | 158/232 kB | 122 kB
Progress (3): 115/316 kB | 162/232 kB | 122 kB
Progress (4): 115/316 kB | 162/232 kB | 122 kB | 4.1/35 kB
Progress (4): 115/316 kB | 162/232 kB | 122 kB | 7.7/35 kB
Progress (4): 115/316 kB | 162/232 kB | 122 kB | 12/35 kB 
Progress (4): 115/316 kB | 166/232 kB | 122 kB | 12/35 kB
Progress (4): 115/316 kB | 170/232 kB | 122 kB | 12/35 kB
Progress (4): 115/316 kB | 170/232 kB | 122 kB | 16/35 kB
Progress (4): 115/316 kB | 170/232 kB | 122 kB | 20/35 kB
Progress (4): 115/316 kB | 170/232 kB | 122 kB | 24/35 kB
Progress (4): 115/316 kB | 170/232 kB | 122 kB | 28/35 kB
Progress (4): 115/316 kB | 174/232 kB | 122 kB | 28/35 kB
Progress (4): 115/316 kB | 179/232 kB | 122 kB | 28/35 kB
Progress (4): 115/316 kB | 183/232 kB | 122 kB | 28/35 kB
Progress (4): 115/316 kB | 187/232 kB | 122 kB | 28/35 kB
Progress (4): 115/316 kB | 187/232 kB | 122 kB | 32/35 kB
Progress (4): 115/316 kB | 187/232 kB | 122 kB | 35 kB   
Progress (4): 115/316 kB | 191/232 kB | 122 kB | 35 kB
Progress (4): 115/316 kB | 195/232 kB | 122 kB | 35 kB
Progress (4): 115/316 kB | 199/232 kB | 122 kB | 35 kB
Progress (4): 115/316 kB | 203/232 kB | 122 kB | 35 kB
                                                      
Downloaded from central: https://repo.maven.apache.org/maven2/org/apache/maven/maven-project/2.0.9/maven-project-2.0.9.jar (122 kB at 15 kB/s)
Downloading from central: https://repo.maven.apache.org/maven2/org/apache/maven/maven-artifact-manager/2.0.9/maven-artifact-manager-2.0.9.jar
Progress (3): 119/316 kB | 203/232 kB | 35 kB
Progress (3): 123/316 kB | 203/232 kB | 35 kB
Progress (4): 123/316 kB | 203/232 kB | 35 kB | 4.1/87 kB
Progress (4): 123/316 kB | 203/232 kB | 35 kB | 8.2/87 kB
                                                         
Downloaded from central: https://repo.maven.apache.org/maven2/org/apache/maven/maven-profile/2.0.9/maven-profile-2.0.9.jar (35 kB at 4.2 kB/s)
Downloading from central: https://repo.maven.apache.org/maven2/org/apache/maven/maven-plugin-registry/2.0.9/maven-plugin-registry-2.0.9.jar
Progress (3): 127/316 kB | 203/232 kB | 8.2/87 kB
Progress (4): 127/316 kB | 203/232 kB | 8.2/87 kB | 3.8/58 kB
Progress (4): 127/316 kB | 203/232 kB | 8.2/87 kB | 7.9/58 kB
Progress (4): 127/316 kB | 203/232 kB | 8.2/87 kB | 12/58 kB 
Progress (4): 127/316 kB | 203/232 kB | 8.2/87 kB | 16/58 kB
Progress (4): 127/316 kB | 203/232 kB | 8.2/87 kB | 20/58 kB
Progress (4): 127/316 kB | 203/232 kB | 8.2/87 kB | 24/58 kB
Progress (4): 127/316 kB | 203/232 kB | 12/87 kB | 24/58 kB 
Progress (4): 127/316 kB | 203/232 kB | 16/87 kB | 24/58 kB
Progress (4): 127/316 kB | 203/232 kB | 20/87 kB | 24/58 kB
Progress (4): 127/316 kB | 203/232 kB | 25/87 kB | 24/58 kB
Progress (4): 131/316 kB | 203/232 kB | 25/87 kB | 24/58 kB
Progress (4): 131/316 kB | 203/232 kB | 29/87 kB | 24/58 kB
Progress (4): 131/316 kB | 203/232 kB | 33/87 kB | 24/58 kB
Progress (4): 131/316 kB | 207/232 kB | 33/87 kB | 24/58 kB
Progress (4): 131/316 kB | 207/232 kB | 37/87 kB | 24/58 kB
Progress (4): 131/316 kB | 211/232 kB | 37/87 kB | 24/58 kB
Progress (4): 131/316 kB | 211/232 kB | 41/87 kB | 24/58 kB
Progress (4): 131/316 kB | 215/232 kB | 41/87 kB | 24/58 kB
Progress (4): 131/316 kB | 220/232 kB | 41/87 kB | 24/58 kB
Progress (4): 135/316 kB | 220/232 kB | 41/87 kB | 24/58 kB
Progress (4): 139/316 kB | 220/232 kB | 41/87 kB | 24/58 kB
Progress (4): 139/316 kB | 220/232 kB | 45/87 kB | 24/58 kB
Progress (4): 139/316 kB | 220/232 kB | 49/87 kB | 24/58 kB
Progress (4): 139/316 kB | 220/232 kB | 53/87 kB | 24/58 kB
Progress (4): 139/316 kB | 220/232 kB | 57/87 kB | 24/58 kB
Progress (4): 143/316 kB | 220/232 kB | 57/87 kB | 24/58 kB
Progress (4): 143/316 kB | 224/232 kB | 57/87 kB | 24/58 kB
Progress (4): 143/316 kB | 228/232 kB | 57/87 kB | 24/58 kB
Progress (4): 143/316 kB | 232/232 kB | 57/87 kB | 24/58 kB
Progress (4): 143/316 kB | 232 kB | 57/87 kB | 24/58 kB    
Progress (5): 143/316 kB | 232 kB | 57/87 kB | 24/58 kB | 4.1/29 kB
Progress (5): 143/316 kB | 232 kB | 57/87 kB | 24/58 kB | 7.7/29 kB
Progress (5): 143/316 kB | 232 kB | 57/87 kB | 24/58 kB | 12/29 kB 
Progress (5): 143/316 kB | 232 kB | 57/87 kB | 24/58 kB | 16/29 kB
Progress (5): 143/316 kB | 232 kB | 57/87 kB | 24/58 kB | 20/29 kB
Progress (5): 143/316 kB | 232 kB | 57/87 kB | 24/58 kB | 24/29 kB
Progress (5): 143/316 kB | 232 kB | 57/87 kB | 24/58 kB | 28/29 kB
Progress (5): 143/316 kB | 232 kB | 57/87 kB | 24/58 kB | 29 kB   
Progress (5): 143/316 kB | 232 kB | 61/87 kB | 24/58 kB | 29 kB
Progress (5): 143/316 kB | 232 kB | 66/87 kB | 24/58 kB | 29 kB
Progress (5): 143/316 kB | 232 kB | 70/87 kB | 24/58 kB | 29 kB
Progress (5): 143/316 kB | 232 kB | 74/87 kB | 24/58 kB | 29 kB
Progress (5): 147/316 kB | 232 kB | 74/87 kB | 24/58 kB | 29 kB
Progress (5): 147/316 kB | 232 kB | 78/87 kB | 24/58 kB | 29 kB
Progress (5): 147/316 kB | 232 kB | 82/87 kB | 24/58 kB | 29 kB
Progress (5): 147/316 kB | 232 kB | 86/87 kB | 24/58 kB | 29 kB
Progress (5): 147/316 kB | 232 kB | 87 kB | 24/58 kB | 29 kB   
Progress (5): 152/316 kB | 232 kB | 87 kB | 24/58 kB | 29 kB
Progress (5): 156/316 kB | 232 kB | 87 kB | 24/58 kB | 29 kB
Progress (5): 160/316 kB | 232 kB | 87 kB | 24/58 kB | 29 kB
Progress (5): 164/316 kB | 232 kB | 87 kB | 24/58 kB | 29 kB
Progress (5): 168/316 kB | 232 kB | 87 kB | 24/58 kB | 29 kB
Progress (5): 168/316 kB | 232 kB | 87 kB | 28/58 kB | 29 kB
Progress (5): 172/316 kB | 232 kB | 87 kB | 28/58 kB | 29 kB
Progress (5): 172/316 kB | 232 kB | 87 kB | 32/58 kB | 29 kB
                                                            
Downloaded from central: https://repo.maven.apache.org/maven2/org/apache/maven/maven-model/2.0.9/maven-model-2.0.9.jar (87 kB at 9.0 kB/s)
Downloading from central: https://repo.maven.apache.org/maven2/org/apache/maven/maven-core/2.0.9/maven-core-2.0.9.jar
Downloaded from central: https://repo.maven.apache.org/maven2/org/apache/maven/maven-plugin-registry/2.0.9/maven-plugin-registry-2.0.9.jar (29 kB at 3.0 kB/s)
Downloading from central: https://repo.maven.apache.org/maven2/org/apache/maven/maven-plugin-parameter-documenter/2.0.9/maven-plugin-parameter-documenter-2.0.9.jar
Downloaded from central: https://repo.maven.apache.org/maven2/org/codehaus/plexus/plexus-utils/3.0.8/plexus-utils-3.0.8.jar (232 kB at 24 kB/s)
Downloading from central: https://repo.maven.apache.org/maven2/org/apache/maven/reporting/maven-reporting-api/2.0.9/maven-reporting-api-2.0.9.jar
Progress (2): 176/316 kB | 32/58 kB
Progress (2): 180/316 kB | 32/58 kB
Progress (2): 184/316 kB | 32/58 kB
Progress (2): 188/316 kB | 32/58 kB
Progress (2): 188/316 kB | 36/58 kB
Progress (2): 188/316 kB | 40/58 kB
Progress (3): 188/316 kB | 40/58 kB | 3.4/21 kB
Progress (4): 188/316 kB | 40/58 kB | 3.4/21 kB | 4.1/10 kB
Progress (4): 188/316 kB | 40/58 kB | 3.4/21 kB | 7.7/10 kB
Progress (4): 188/316 kB | 40/58 kB | 3.4/21 kB | 10 kB    
Progress (4): 188/316 kB | 40/58 kB | 7.5/21 kB | 10 kB
Progress (4): 188/316 kB | 40/58 kB | 12/21 kB | 10 kB 
Progress (4): 188/316 kB | 40/58 kB | 16/21 kB | 10 kB
Progress (4): 188/316 kB | 40/58 kB | 20/21 kB | 10 kB
Progress (4): 188/316 kB | 40/58 kB | 21 kB | 10 kB   
Progress (5): 188/316 kB | 40/58 kB | 21 kB | 10 kB | 4.1/160 kB
Progress (5): 188/316 kB | 40/58 kB | 21 kB | 10 kB | 7.7/160 kB
Progress (5): 188/316 kB | 40/58 kB | 21 kB | 10 kB | 12/160 kB 
Progress (5): 188/316 kB | 40/58 kB | 21 kB | 10 kB | 16/160 kB
Progress (5): 188/316 kB | 44/58 kB | 21 kB | 10 kB | 16/160 kB
Progress (5): 188/316 kB | 44/58 kB | 21 kB | 10 kB | 20/160 kB
                                                               
Downloaded from central: https://repo.maven.apache.org/maven2/org/apache/maven/reporting/maven-reporting-api/2.0.9/maven-reporting-api-2.0.9.jar (10 kB at 854 B/s)
Progress (4): 188/316 kB | 44/58 kB | 21 kB | 24/160 kB
                                                       
Downloading from central: https://repo.maven.apache.org/maven2/org/apache/maven/maven-repository-metadata/2.0.9/maven-repository-metadata-2.0.9.jar
Downloaded from central: https://repo.maven.apache.org/maven2/org/apache/maven/maven-plugin-parameter-documenter/2.0.9/maven-plugin-parameter-documenter-2.0.9.jar (21 kB at 1.8 kB/s)
Downloading from central: https://repo.maven.apache.org/maven2/org/apache/maven/maven-error-diagnostics/2.0.9/maven-error-diagnostics-2.0.9.jar
Progress (3): 188/316 kB | 49/58 kB | 24/160 kB
Progress (3): 188/316 kB | 53/58 kB | 24/160 kB
Progress (3): 188/316 kB | 57/58 kB | 24/160 kB
Progress (3): 188/316 kB | 58 kB | 24/160 kB   
Progress (4): 188/316 kB | 58 kB | 24/160 kB | 4.1/14 kB
Progress (4): 188/316 kB | 58 kB | 24/160 kB | 7.5/14 kB
Progress (4): 188/316 kB | 58 kB | 24/160 kB | 12/14 kB 
Progress (4): 188/316 kB | 58 kB | 24/160 kB | 14 kB   
Progress (5): 188/316 kB | 58 kB | 24/160 kB | 14 kB | 4.1/25 kB
Progress (5): 188/316 kB | 58 kB | 24/160 kB | 14 kB | 7.6/25 kB
Progress (5): 188/316 kB | 58 kB | 28/160 kB | 14 kB | 7.6/25 kB
Progress (5): 188/316 kB | 58 kB | 32/160 kB | 14 kB | 7.6/25 kB
Progress (5): 188/316 kB | 58 kB | 36/160 kB | 14 kB | 7.6/25 kB
Progress (5): 188/316 kB | 58 kB | 40/160 kB | 14 kB | 7.6/25 kB
Progress (5): 188/316 kB | 58 kB | 40/160 kB | 14 kB | 12/25 kB 
Progress (5): 188/316 kB | 58 kB | 40/160 kB | 14 kB | 16/25 kB
Progress (5): 188/316 kB | 58 kB | 40/160 kB | 14 kB | 20/25 kB
Progress (5): 188/316 kB | 58 kB | 40/160 kB | 14 kB | 24/25 kB
Progress (5): 188/316 kB | 58 kB | 40/160 kB | 14 kB | 25 kB   
                                                            
Downloaded from central: https://repo.maven.apache.org/maven2/org/apache/maven/maven-artifact-manager/2.0.9/maven-artifact-manager-2.0.9.jar (58 kB at 4.7 kB/s)
Downloading from central: https://repo.maven.apache.org/maven2/org/apache/maven/maven-plugin-descriptor/2.0.9/maven-plugin-descriptor-2.0.9.jar
Downloaded from central: https://repo.maven.apache.org/maven2/org/apache/maven/maven-error-diagnostics/2.0.9/maven-error-diagnostics-2.0.9.jar (14 kB at 1.1 kB/s)
Downloading from central: https://repo.maven.apache.org/maven2/org/apache/maven/maven-monitor/2.0.9/maven-monitor-2.0.9.jar
Progress (3): 188/316 kB | 45/160 kB | 25 kB
Progress (3): 188/316 kB | 49/160 kB | 25 kB
Progress (3): 188/316 kB | 53/160 kB | 25 kB
Progress (3): 188/316 kB | 57/160 kB | 25 kB
Progress (3): 188/316 kB | 61/160 kB | 25 kB
Progress (3): 188/316 kB | 65/160 kB | 25 kB
Progress (3): 188/316 kB | 69/160 kB | 25 kB
Progress (3): 188/316 kB | 73/160 kB | 25 kB
                                            
Downloaded from central: https://repo.maven.apache.org/maven2/org/apache/maven/maven-repository-metadata/2.0.9/maven-repository-metadata-2.0.9.jar (25 kB at 1.9 kB/s)
Downloading from central: https://repo.maven.apache.org/maven2/org/apache/maven/maven-toolchain/2.0.9/maven-toolchain-2.0.9.jar
Progress (3): 188/316 kB | 73/160 kB | 4.1/10 kB
Progress (3): 188/316 kB | 73/160 kB | 7.7/10 kB
Progress (3): 188/316 kB | 73/160 kB | 10 kB    
Progress (4): 188/316 kB | 73/160 kB | 10 kB | 4.1/37 kB
Progress (4): 188/316 kB | 73/160 kB | 10 kB | 7.6/37 kB
Progress (4): 188/316 kB | 77/160 kB | 10 kB | 7.6/37 kB
Progress (4): 188/316 kB | 81/160 kB | 10 kB | 7.6/37 kB
Progress (4): 188/316 kB | 86/160 kB | 10 kB | 7.6/37 kB
Progress (4): 188/316 kB | 90/160 kB | 10 kB | 7.6/37 kB
Progress (4): 188/316 kB | 94/160 kB | 10 kB | 7.6/37 kB
Progress (4): 188/316 kB | 98/160 kB | 10 kB | 7.6/37 kB
Progress (4): 188/316 kB | 102/160 kB | 10 kB | 7.6/37 kB
Progress (4): 188/316 kB | 106/160 kB | 10 kB | 7.6/37 kB
                                                         
Downloaded from central: https://repo.maven.apache.org/maven2/org/apache/maven/maven-monitor/2.0.9/maven-monitor-2.0.9.jar (10 kB at 778 B/s)
Downloading from central: https://repo.maven.apache.org/maven2/org/apache/maven/plugin-tools/maven-plugin-annotations/3.1/maven-plugin-annotations-3.1.jar
Progress (3): 188/316 kB | 106/160 kB | 12/37 kB
Progress (3): 188/316 kB | 106/160 kB | 16/37 kB
Progress (3): 188/316 kB | 106/160 kB | 20/37 kB
Progress (3): 188/316 kB | 106/160 kB | 24/37 kB
Progress (4): 188/316 kB | 106/160 kB | 24/37 kB | 4.1/38 kB
Progress (4): 188/316 kB | 106/160 kB | 24/37 kB | 7.7/38 kB
Progress (4): 188/316 kB | 106/160 kB | 24/37 kB | 12/38 kB 
Progress (4): 188/316 kB | 106/160 kB | 24/37 kB | 16/38 kB
Progress (4): 193/316 kB | 106/160 kB | 24/37 kB | 16/38 kB
Progress (5): 193/316 kB | 106/160 kB | 24/37 kB | 16/38 kB | 4.1/14 kB
Progress (5): 193/316 kB | 106/160 kB | 24/37 kB | 16/38 kB | 7.7/14 kB
Progress (5): 193/316 kB | 106/160 kB | 24/37 kB | 16/38 kB | 12/14 kB 
Progress (5): 193/316 kB | 106/160 kB | 24/37 kB | 16/38 kB | 14 kB   
Progress (5): 193/316 kB | 106/160 kB | 24/37 kB | 20/38 kB | 14 kB
Progress (5): 193/316 kB | 106/160 kB | 24/37 kB | 24/38 kB | 14 kB
Progress (5): 193/316 kB | 110/160 kB | 24/37 kB | 24/38 kB | 14 kB
Progress (5): 193/316 kB | 114/160 kB | 24/37 kB | 24/38 kB | 14 kB
Progress (5): 193/316 kB | 118/160 kB | 24/37 kB | 24/38 kB | 14 kB
Progress (5): 193/316 kB | 122/160 kB | 24/37 kB | 24/38 kB | 14 kB
Progress (5): 193/316 kB | 127/160 kB | 24/37 kB | 24/38 kB | 14 kB
Progress (5): 193/316 kB | 127/160 kB | 28/37 kB | 24/38 kB | 14 kB
Progress (5): 193/316 kB | 127/160 kB | 32/37 kB | 24/38 kB | 14 kB
Progress (5): 193/316 kB | 127/160 kB | 36/37 kB | 24/38 kB | 14 kB
Progress (5): 193/316 kB | 127/160 kB | 37 kB | 24/38 kB | 14 kB   
Progress (5): 193/316 kB | 127/160 kB | 37 kB | 28/38 kB | 14 kB
Progress (5): 193/316 kB | 127/160 kB | 37 kB | 32/38 kB | 14 kB
Progress (5): 193/316 kB | 127/160 kB | 37 kB | 36/38 kB | 14 kB
Progress (5): 193/316 kB | 127/160 kB | 37 kB | 38 kB | 14 kB   
                                                             
Downloaded from central: https://repo.maven.apache.org/maven2/org/apache/maven/plugin-tools/maven-plugin-annotations/3.1/maven-plugin-annotations-3.1.jar (14 kB at 1.0 kB/s)
Progress (4): 193/316 kB | 131/160 kB | 37 kB | 38 kB
Progress (4): 193/316 kB | 135/160 kB | 37 kB | 38 kB
Progress (4): 193/316 kB | 139/160 kB | 37 kB | 38 kB
Progress (4): 193/316 kB | 143/160 kB | 37 kB | 38 kB
Progress (4): 197/316 kB | 143/160 kB | 37 kB | 38 kB
                                                     
Downloaded from central: https://repo.maven.apache.org/maven2/org/apache/maven/maven-plugin-descriptor/2.0.9/maven-plugin-descriptor-2.0.9.jar (37 kB at 2.6 kB/s)
Downloaded from central: https://repo.maven.apache.org/maven2/org/apache/maven/maven-toolchain/2.0.9/maven-toolchain-2.0.9.jar (38 kB at 2.6 kB/s)
Progress (2): 197/316 kB | 147/160 kB
Progress (2): 197/316 kB | 151/160 kB
Progress (2): 197/316 kB | 155/160 kB
Progress (2): 197/316 kB | 159/160 kB
Progress (2): 197/316 kB | 160 kB    
Progress (2): 201/316 kB | 160 kB
Progress (2): 205/316 kB | 160 kB
Progress (2): 209/316 kB | 160 kB
Progress (2): 213/316 kB | 160 kB
Progress (2): 217/316 kB | 160 kB
                                 
Downloaded from central: https://repo.maven.apache.org/maven2/org/apache/maven/maven-core/2.0.9/maven-core-2.0.9.jar (160 kB at 11 kB/s)
Progress (1): 221/316 kB
Progress (1): 225/316 kB
Progress (1): 229/316 kB
Progress (1): 233/316 kB
Progress (1): 238/316 kB
Progress (1): 242/316 kB
Progress (1): 246/316 kB
Progress (1): 250/316 kB
Progress (1): 254/316 kB
Progress (1): 258/316 kB
Progress (1): 262/316 kB
Progress (1): 266/316 kB
Progress (1): 270/316 kB
Progress (1): 274/316 kB
Progress (1): 279/316 kB
Progress (1): 283/316 kB
Progress (1): 287/316 kB
Progress (1): 291/316 kB
Progress (1): 295/316 kB
Progress (1): 299/316 kB
Progress (1): 303/316 kB
Progress (1): 307/316 kB
Progress (1): 311/316 kB
Progress (1): 315/316 kB
Progress (1): 316 kB    
                    
Downloaded from central: https://repo.maven.apache.org/maven2/org/apache/commons/commons-lang3/3.1/commons-lang3-3.1.jar (316 kB at 18 kB/s)
[INFO] Surefire report directory: C:\Users\SURFACE BOOK\IdeaProjects\TP_JDBC_Avance\MangmentHotel\target\surefire-reports
Downloading from central: https://repo.maven.apache.org/maven2/org/apache/maven/surefire/surefire-junit3/2.12.4/surefire-junit3-2.12.4.pom
Progress (1): 1.7 kB
                    
Downloaded from central: https://repo.maven.apache.org/maven2/org/apache/maven/surefire/surefire-junit3/2.12.4/surefire-junit3-2.12.4.pom (1.7 kB at 5.3 kB/s)
Downloading from central: https://repo.maven.apache.org/maven2/org/apache/maven/surefire/surefire-providers/2.12.4/surefire-providers-2.12.4.pom
Progress (1): 2.3 kB
                    
Downloaded from central: https://repo.maven.apache.org/maven2/org/apache/maven/surefire/surefire-providers/2.12.4/surefire-providers-2.12.4.pom (2.3 kB at 3.3 kB/s)
Downloading from central: https://repo.maven.apache.org/maven2/org/apache/maven/surefire/surefire-junit3/2.12.4/surefire-junit3-2.12.4.jar
Progress (1): 4.1/26 kB
Progress (1): 7.7/26 kB
Progress (1): 12/26 kB 
Progress (1): 16/26 kB
Progress (1): 20/26 kB
Progress (1): 24/26 kB
Progress (1): 26 kB   
                   
Downloaded from central: https://repo.maven.apache.org/maven2/org/apache/maven/surefire/surefire-junit3/2.12.4/surefire-junit3-2.12.4.jar (26 kB at 48 kB/s)

-------------------------------------------------------
 T E S T S
-------------------------------------------------------
Running com.emsi.mh.mangmenthotel.InvoiceTest
.\mvnw.cmd : janv. 
10, 2026 5:38:11 PM 
org.hibernate.jpa.in
ternal.util.LogHelpe
r logPersistenceUnit
Information
Au caractère 
Ligne:1 : 48
+ ... va\jdk-23"; 
.\mvnw.cmd test 
-Dtest=InvoiceTest 
> test_output.txt 
2>&1 ...
+                 ~~
~~~~~~~~~~~~~~~~~~~~
~~~~~~~~~~~~~~~~~~~~
~~~~~~~~~~~~~~~
    + CategoryInfo  
            : NotS  
  pecified: (janv   
 . 10, 2026 ...U    
nitInformation:    
String) [], Rem    
oteException
    + FullyQualifie 
   dErrorId : Nati  
  veCommandError
 
INFO: HHH000204: 
Processing 
PersistenceUnitInfo 
[name: hotelPU]
janv. 10, 2026 
5:38:12 PM org.hiber
nate.Version 
logVersion
INFO: HHH000412: 
Hibernate ORM core 
version 6.4.4.Final
janv. 10, 2026 
5:38:12 PM org.hiber
nate.cache.internal.
RegionFactoryInitiat
or initiateService
INFO: HHH000026: 
Second-level cache 
disabled
janv. 10, 2026 
5:38:12 PM org.hiber
nate.engine.jdbc.con
nections.internal.Co
nnectionProviderInit
iator instantiateC3p
0Provider
WARN: HHH000022: 
c3p0 properties 
were encountered, 
but the c3p0 
provider class was 
not found on the 
classpath; these 
properties are 
going to be ignored.
janv. 10, 2026 
5:38:12 PM org.hiber
nate.engine.jdbc.con
nections.internal.Dr
iverManagerConnectio
nProviderImpl 
configure
WARN: HHH10001002: 
Using built-in 
connection pool 
(not intended for 
production use)
janv. 10, 2026 
5:38:12 PM org.hiber
nate.engine.jdbc.con
nections.internal.Dr
iverManagerConnectio
nProviderImpl 
buildCreator
INFO: HHH10001005: 
Loaded JDBC driver 
class: com.mysql.cj.
jdbc.Driver
janv. 10, 2026 
5:38:12 PM org.hiber
nate.engine.jdbc.con
nections.internal.Dr
iverManagerConnectio
nProviderImpl 
buildCreator
INFO: HHH10001012: 
Connecting with 
JDBC URL [jdbc:mysql
://localhost:3306/ho
tel_db?createDatabas
eIfNotExist=true&use
SSL=false&serverTime
zone=UTC]
janv. 10, 2026 
5:38:12 PM org.hiber
nate.engine.jdbc.con
nections.internal.Dr
iverManagerConnectio
nProviderImpl 
buildCreator
INFO: HHH10001001: 
Connection 
properties: 
{user=root, 
password=****}
janv. 10, 2026 
5:38:12 PM org.hiber
nate.engine.jdbc.con
nections.internal.Dr
iverManagerConnectio
nProviderImpl 
buildCreator
INFO: HHH10001003: 
Autocommit mode: 
false
janv. 10, 2026 
5:38:12 PM org.hiber
nate.engine.jdbc.con
nections.internal.Dr
iverManagerConnectio
nProviderImpl$Pooled
Connections <init>
INFO: HHH10001115: 
Connection pool 
size: 20 (min=1)
janv. 10, 2026 
5:38:13 PM org.hiber
nate.engine.jdbc.dia
lect.internal.Dialec
tFactoryImpl 
constructDialect
WARN: HHH90000025: 
MySQLDialect does 
not need to be 
specified 
explicitly using 
'hibernate.dialect' 
(remove the 
property setting 
and it will be 
selected by default)
janv. 10, 2026 
5:38:15 PM org.hiber
nate.engine.transact
ion.jta.platform.int
ernal.JtaPlatformIni
tiator 
initiateService
INFO: HHH000489: No 
JTA platform 
available (set 'hibe
rnate.transaction.jt
a.platform' to 
enable JTA platform 
integration)
janv. 10, 2026 
5:38:15 PM org.hiber
nate.resource.transa
ction.backend.jdbc.i
nternal.DdlTransacti
onIsolatorNonJtaImpl
 getIsolatedConnecti
on
INFO: HHH10001501: 
Connection obtained 
from JdbcConnectionA
ccess [org.hibernate
.engine.jdbc.env.int
ernal.JdbcEnvironmen
tInitiator$Connectio
nProviderJdbcConnect
ionAccess@6a7a1a0d] 
for (non-JTA) DDL 
execution was not 
in auto-commit 
mode; the 
Connection 'local 
transaction' will 
be committed and 
the Connection will 
be set into 
auto-commit mode.
Hibernate: 
    select
        c1_0.id,
        c1_0.localisation,
        c1_0.numChambre,
        c1_0.prixParNuit,
        c1_0.statut,
        c1_0.type 
    from
        Chambre c1_0 
    where
        c1_0.id=?
Hibernate: 
    insert 
    into
        Chambre
        (localisation, numChambre, prixParNuit, statut, type) 
    values
        (?, ?, ?, ?, ?)
janv. 10, 2026 
5:38:15 PM org.hiber
nate.engine.jdbc.spi
.SqlExceptionHelper 
logExceptions
WARN: SQL Error: 
1062, SQLState: 
23000
janv. 10, 2026 
5:38:15 PM org.hiber
nate.engine.jdbc.spi
.SqlExceptionHelper 
logExceptions
ERROR: Duplicata du 
champ '101' pour la 
clef 'chambre.UK_ia5
lil44vpr5umxjkj8d5uo
e0'
Ignored DAO exception: could not execute statement [Duplicata du champ '101' pour la clef 'chambre.UK_ia5lil44vpr5umxjkj8d5uoe0'] [insert into Chambre (localisation,numChambre,prixParNuit,statut,type) values (?,?,?,?,?)]
Tests run: 1, Failures: 1, Errors: 0, Skipped: 0, Time elapsed: 4.069 sec <<< FAILURE!
com.emsi.mh.mangmenthotel.InvoiceTest.testInvoiceGeneration()  Time elapsed: 4.068 sec  <<< FAILURE!
org.opentest4j.AssertionFailedError: Facture should be generated ==> expected: not <null>
	at org.junit.jupiter.api.AssertionFailureBuilder.build(AssertionFailureBuilder.java:152)
	at org.junit.jupiter.api.AssertionFailureBuilder.buildAndThrow(AssertionFailureBuilder.java:132)
	at org.junit.jupiter.api.AssertNotNull.failNull(AssertNotNull.java:49)
	at org.junit.jupiter.api.AssertNotNull.assertNotNull(AssertNotNull.java:35)
	at org.junit.jupiter.api.Assertions.assertNotNull(Assertions.java:312)
	at com.emsi.mh.mangmenthotel.InvoiceTest.testInvoiceGeneration(InvoiceTest.java:41)


Results :

Failed tests:   com.emsi.mh.mangmenthotel.InvoiceTest.testInvoiceGeneration(): Facture should be generated ==> expected: not <null>

Tests run: 1, Failures: 1, Errors: 0, Skipped: 0

[INFO] ------------------------------------------------------------------------
[INFO] BUILD FAILURE
[INFO] ------------------------------------------------------------------------
[INFO] Total time:  29.028 s
[INFO] Finished at: 2026-01-10T17:38:15+01:00
[INFO] ------------------------------------------------------------------------
[ERROR] Failed to execute goal org.apache.maven.plugins:maven-surefire-plugin:2.12.4:test (default-test) on project MangmentHotel: There are test failures.
[ERROR] 
[ERROR] Please refer to C:\Users\SURFACE BOOK\IdeaProjects\TP_JDBC_Avance\MangmentHotel\target\surefire-reports for the individual test results.
[ERROR] -> [Help 1]
[ERROR] 
[ERROR] To see the full stack trace of the errors, re-run Maven with the -e switch.
[ERROR] Re-run Maven using the -X switch to enable full debug logging.
[ERROR] 
[ERROR] For more information about the errors and possible solutions, please read the following articles:
[ERROR] [Help 1] http://cwiki.apache.org/confluence/display/MAVEN/MojoFailureException
